[www.iana.org/assignments/jose/jose.html]
[backblue.gif]
[fade.gif]
[index.html]
[www.iana.org/protocols.html]
[www.iana.org/assignments/_support/sort.js]
[www.iana.org/assignments/jose/jose.xml]
[www.iana.org/_img/icons/text-xml.png]
[www.iana.org/_img/icons/text-html.png]
[www.iana.org/assignments/jose/jose.txt]
[www.iana.org/_img/icons/text-plain.png]
[tools.ietf.org/html/rfc7515.c.delayed]
[www.iana.org/assignments/jose/web-signature-encryption-header-parameters.csv]
[tools.ietf.org/html/rfc7515.html]
[www.iana.org/_img/icons/text-csv.png]
[tools.ietf.org/html/rfc7516]
[tools.ietf.org/html/rfc7518]
[tools.ietf.org/html/rfc7516.html]
[tools.ietf.org/html/rfc7518.html]
[tools.ietf.org/html/rfc7519]
[tools.ietf.org/html/rfc7519.html]
[tools.ietf.org/html/rfc7797]
[tools.ietf.org/html/rfc7797.html]
[datatracker.ietf.org/doc/draft-ietf-jose-cfrg-curves/06/index.html]
[datatracker.ietf.org/doc/draft-irtf-cfrg-eddsa.1f.delayed]
[datatracker.ietf.org/doc/draft-irtf-cfrg-eddsa/index.html]
[www.iana.org/assignments/jose/web-encryption-compression-algorithms.csv]
[tools.ietf.org/html/rfc7638.22.delayed]
[tools.ietf.org/html/rfc7638.html]
[www.iana.org/assignments/jose/web-key-types.csv]
[www.iana.org/assignments/jose/web-key-elliptic-curve.csv]
[tools.ietf.org/html/rfc7517]
[www.iana.org/assignments/jose/web-key-parameters.csv]
[www.iana.org/assignments/jose/web-key-use.csv]
[tools.ietf.org/html/rfc7517.html]
[www.iana.org/assignments/jose/web-key-operations.csv]
[www.iana.org/assignments/jose/web-key-set-parameters.csv]
[www.iana.org/assignments/jose/jose.html]
[www.iana.org/protocols.html]
[www.iana.org/assignments/_support/sort.js]
[tools.ietf.org/html/rfc7515.html]
[tools.ietf.org/html/rfc7516.html]
[tools.ietf.org/html/rfc7518.html]
[tools.ietf.org/html/rfc7519.html]
[tools.ietf.org/html/rfc7797.html]
[datatracker.ietf.org/doc/draft-ietf-jose-cfrg-curves/06/index.html]
[datatracker.ietf.org/doc/draft-irtf-cfrg-eddsa/index.html]
[tools.ietf.org/html/rfc7638.html]
[tools.ietf.org/html/rfc7517.html]
[www.iana.org/assignments/_support/iana-registry.css]
[www.iana.org/assignments/_support/iana-registry.css]
[www.iana.org/assignments/jose/web-signature-encryption-algorithms.csv]
[www.iana.org/assignments/_support/jquery.js]
[www.iana.org/assignments/_support/jquery.js]
